                                      1 ;--------------------------------------------------------
                                      2 ; File Created by SDCC : free open source ISO C Compiler
                                      3 ; Version 4.6.0 #16555 (Linux)
                                      4 ;--------------------------------------------------------
                                      5 	.module main
                                      6 	
                                      7 	.optsdcc -mmcs51 --model-small
                                      8 ;--------------------------------------------------------
                                      9 ; Public variables in this module
                                     10 ;--------------------------------------------------------
                                     11 	.globl _main
                                     12 	.globl _timer_setup
                                     13 	.globl _TF2
                                     14 	.globl _EXF2
                                     15 	.globl _RCLK
                                     16 	.globl _TCLK
                                     17 	.globl _EXEN2
                                     18 	.globl _TR2
                                     19 	.globl _C_T2
                                     20 	.globl _CP_RL2
                                     21 	.globl _T2CON_7
                                     22 	.globl _T2CON_6
                                     23 	.globl _T2CON_5
                                     24 	.globl _T2CON_4
                                     25 	.globl _T2CON_3
                                     26 	.globl _T2CON_2
                                     27 	.globl _T2CON_1
                                     28 	.globl _T2CON_0
                                     29 	.globl _PT2
                                     30 	.globl _ET2
                                     31 	.globl _CY
                                     32 	.globl _AC
                                     33 	.globl _F0
                                     34 	.globl _RS1
                                     35 	.globl _RS0
                                     36 	.globl _OV
                                     37 	.globl _F1
                                     38 	.globl _P
                                     39 	.globl _PS
                                     40 	.globl _PT1
                                     41 	.globl _PX1
                                     42 	.globl _PT0
                                     43 	.globl _PX0
                                     44 	.globl _RD
                                     45 	.globl _WR
                                     46 	.globl _T1
                                     47 	.globl _T0
                                     48 	.globl _INT1
                                     49 	.globl _INT0
                                     50 	.globl _TXD
                                     51 	.globl _RXD
                                     52 	.globl _P3_7
                                     53 	.globl _P3_6
                                     54 	.globl _P3_5
                                     55 	.globl _P3_4
                                     56 	.globl _P3_3
                                     57 	.globl _P3_2
                                     58 	.globl _P3_1
                                     59 	.globl _P3_0
                                     60 	.globl _EA
                                     61 	.globl _ES
                                     62 	.globl _ET1
                                     63 	.globl _EX1
                                     64 	.globl _ET0
                                     65 	.globl _EX0
                                     66 	.globl _P2_7
                                     67 	.globl _P2_6
                                     68 	.globl _P2_5
                                     69 	.globl _P2_4
                                     70 	.globl _P2_3
                                     71 	.globl _P2_2
                                     72 	.globl _P2_1
                                     73 	.globl _P2_0
                                     74 	.globl _SM0
                                     75 	.globl _SM1
                                     76 	.globl _SM2
                                     77 	.globl _REN
                                     78 	.globl _TB8
                                     79 	.globl _RB8
                                     80 	.globl _TI
                                     81 	.globl _RI
                                     82 	.globl _P1_7
                                     83 	.globl _P1_6
                                     84 	.globl _P1_5
                                     85 	.globl _P1_4
                                     86 	.globl _P1_3
                                     87 	.globl _P1_2
                                     88 	.globl _P1_1
                                     89 	.globl _P1_0
                                     90 	.globl _TF1
                                     91 	.globl _TR1
                                     92 	.globl _TF0
                                     93 	.globl _TR0
                                     94 	.globl _IE1
                                     95 	.globl _IT1
                                     96 	.globl _IE0
                                     97 	.globl _IT0
                                     98 	.globl _P0_7
                                     99 	.globl _P0_6
                                    100 	.globl _P0_5
                                    101 	.globl _P0_4
                                    102 	.globl _P0_3
                                    103 	.globl _P0_2
                                    104 	.globl _P0_1
                                    105 	.globl _P0_0
                                    106 	.globl _TH2
                                    107 	.globl _TL2
                                    108 	.globl _RCAP2H
                                    109 	.globl _RCAP2L
                                    110 	.globl _T2CON
                                    111 	.globl _B
                                    112 	.globl _ACC
                                    113 	.globl _PSW
                                    114 	.globl _IP
                                    115 	.globl _P3
                                    116 	.globl _IE
                                    117 	.globl _P2
                                    118 	.globl _SBUF
                                    119 	.globl _SCON
                                    120 	.globl _P1
                                    121 	.globl _TH1
                                    122 	.globl _TH0
                                    123 	.globl _TL1
                                    124 	.globl _TL0
                                    125 	.globl _TMOD
                                    126 	.globl _TCON
                                    127 	.globl _PCON
                                    128 	.globl _DPH
                                    129 	.globl _DPL
                                    130 	.globl _SP
                                    131 	.globl _P0
                                    132 ;--------------------------------------------------------
                                    133 ; special function registers
                                    134 ;--------------------------------------------------------
                                    135 	.area RSEG    (ABS,DATA)
      000000                        136 	.org 0x0000
                           000080   137 _P0	=	0x0080
                           000081   138 _SP	=	0x0081
                           000082   139 _DPL	=	0x0082
                           000083   140 _DPH	=	0x0083
                           000087   141 _PCON	=	0x0087
                           000088   142 _TCON	=	0x0088
                           000089   143 _TMOD	=	0x0089
                           00008A   144 _TL0	=	0x008a
                           00008B   145 _TL1	=	0x008b
                           00008C   146 _TH0	=	0x008c
                           00008D   147 _TH1	=	0x008d
                           000090   148 _P1	=	0x0090
                           000098   149 _SCON	=	0x0098
                           000099   150 _SBUF	=	0x0099
                           0000A0   151 _P2	=	0x00a0
                           0000A8   152 _IE	=	0x00a8
                           0000B0   153 _P3	=	0x00b0
                           0000B8   154 _IP	=	0x00b8
                           0000D0   155 _PSW	=	0x00d0
                           0000E0   156 _ACC	=	0x00e0
                           0000F0   157 _B	=	0x00f0
                           0000C8   158 _T2CON	=	0x00c8
                           0000CA   159 _RCAP2L	=	0x00ca
                           0000CB   160 _RCAP2H	=	0x00cb
                           0000CC   161 _TL2	=	0x00cc
                           0000CD   162 _TH2	=	0x00cd
                                    163 ;--------------------------------------------------------
                                    164 ; special function bits
                                    165 ;--------------------------------------------------------
                                    166 	.area RSEG    (ABS,DATA)
      000000                        167 	.org 0x0000
                           000080   168 _P0_0	=	0x0080
                           000081   169 _P0_1	=	0x0081
                           000082   170 _P0_2	=	0x0082
                           000083   171 _P0_3	=	0x0083
                           000084   172 _P0_4	=	0x0084
                           000085   173 _P0_5	=	0x0085
                           000086   174 _P0_6	=	0x0086
                           000087   175 _P0_7	=	0x0087
                           000088   176 _IT0	=	0x0088
                           000089   177 _IE0	=	0x0089
                           00008A   178 _IT1	=	0x008a
                           00008B   179 _IE1	=	0x008b
                           00008C   180 _TR0	=	0x008c
                           00008D   181 _TF0	=	0x008d
                           00008E   182 _TR1	=	0x008e
                           00008F   183 _TF1	=	0x008f
                           000090   184 _P1_0	=	0x0090
                           000091   185 _P1_1	=	0x0091
                           000092   186 _P1_2	=	0x0092
                           000093   187 _P1_3	=	0x0093
                           000094   188 _P1_4	=	0x0094
                           000095   189 _P1_5	=	0x0095
                           000096   190 _P1_6	=	0x0096
                           000097   191 _P1_7	=	0x0097
                           000098   192 _RI	=	0x0098
                           000099   193 _TI	=	0x0099
                           00009A   194 _RB8	=	0x009a
                           00009B   195 _TB8	=	0x009b
                           00009C   196 _REN	=	0x009c
                           00009D   197 _SM2	=	0x009d
                           00009E   198 _SM1	=	0x009e
                           00009F   199 _SM0	=	0x009f
                           0000A0   200 _P2_0	=	0x00a0
                           0000A1   201 _P2_1	=	0x00a1
                           0000A2   202 _P2_2	=	0x00a2
                           0000A3   203 _P2_3	=	0x00a3
                           0000A4   204 _P2_4	=	0x00a4
                           0000A5   205 _P2_5	=	0x00a5
                           0000A6   206 _P2_6	=	0x00a6
                           0000A7   207 _P2_7	=	0x00a7
                           0000A8   208 _EX0	=	0x00a8
                           0000A9   209 _ET0	=	0x00a9
                           0000AA   210 _EX1	=	0x00aa
                           0000AB   211 _ET1	=	0x00ab
                           0000AC   212 _ES	=	0x00ac
                           0000AF   213 _EA	=	0x00af
                           0000B0   214 _P3_0	=	0x00b0
                           0000B1   215 _P3_1	=	0x00b1
                           0000B2   216 _P3_2	=	0x00b2
                           0000B3   217 _P3_3	=	0x00b3
                           0000B4   218 _P3_4	=	0x00b4
                           0000B5   219 _P3_5	=	0x00b5
                           0000B6   220 _P3_6	=	0x00b6
                           0000B7   221 _P3_7	=	0x00b7
                           0000B0   222 _RXD	=	0x00b0
                           0000B1   223 _TXD	=	0x00b1
                           0000B2   224 _INT0	=	0x00b2
                           0000B3   225 _INT1	=	0x00b3
                           0000B4   226 _T0	=	0x00b4
                           0000B5   227 _T1	=	0x00b5
                           0000B6   228 _WR	=	0x00b6
                           0000B7   229 _RD	=	0x00b7
                           0000B8   230 _PX0	=	0x00b8
                           0000B9   231 _PT0	=	0x00b9
                           0000BA   232 _PX1	=	0x00ba
                           0000BB   233 _PT1	=	0x00bb
                           0000BC   234 _PS	=	0x00bc
                           0000D0   235 _P	=	0x00d0
                           0000D1   236 _F1	=	0x00d1
                           0000D2   237 _OV	=	0x00d2
                           0000D3   238 _RS0	=	0x00d3
                           0000D4   239 _RS1	=	0x00d4
                           0000D5   240 _F0	=	0x00d5
                           0000D6   241 _AC	=	0x00d6
                           0000D7   242 _CY	=	0x00d7
                           0000AD   243 _ET2	=	0x00ad
                           0000BD   244 _PT2	=	0x00bd
                           0000C8   245 _T2CON_0	=	0x00c8
                           0000C9   246 _T2CON_1	=	0x00c9
                           0000CA   247 _T2CON_2	=	0x00ca
                           0000CB   248 _T2CON_3	=	0x00cb
                           0000CC   249 _T2CON_4	=	0x00cc
                           0000CD   250 _T2CON_5	=	0x00cd
                           0000CE   251 _T2CON_6	=	0x00ce
                           0000CF   252 _T2CON_7	=	0x00cf
                           0000C8   253 _CP_RL2	=	0x00c8
                           0000C9   254 _C_T2	=	0x00c9
                           0000CA   255 _TR2	=	0x00ca
                           0000CB   256 _EXEN2	=	0x00cb
                           0000CC   257 _TCLK	=	0x00cc
                           0000CD   258 _RCLK	=	0x00cd
                           0000CE   259 _EXF2	=	0x00ce
                           0000CF   260 _TF2	=	0x00cf
                                    261 ;--------------------------------------------------------
                                    262 ; overlayable register banks
                                    263 ;--------------------------------------------------------
                                    264 	.area REG_BANK_0	(REL,OVR,DATA)
      000000                        265 	.ds 8
                                    266 ;--------------------------------------------------------
                                    267 ; internal ram data
                                    268 ;--------------------------------------------------------
                                    269 	.area DSEG    (DATA)
                                    270 ;--------------------------------------------------------
                                    271 ; overlayable items in internal ram
                                    272 ;--------------------------------------------------------
                                    273 ;--------------------------------------------------------
                                    274 ; Stack segment in internal ram
                                    275 ;--------------------------------------------------------
                                    276 	.area SSEG
      000000                        277 __start__stack:
      000000                        278 	.ds	1
                                    279 
                                    280 ;--------------------------------------------------------
                                    281 ; indirectly addressable internal ram data
                                    282 ;--------------------------------------------------------
                                    283 	.area ISEG    (DATA)
                                    284 ;--------------------------------------------------------
                                    285 ; absolute internal ram data
                                    286 ;--------------------------------------------------------
                                    287 	.area IABS    (ABS,DATA)
                                    288 	.area IABS    (ABS,DATA)
                                    289 ;--------------------------------------------------------
                                    290 ; bit data
                                    291 ;--------------------------------------------------------
                                    292 	.area BSEG    (BIT)
                                    293 ;--------------------------------------------------------
                                    294 ; paged external ram data
                                    295 ;--------------------------------------------------------
                                    296 	.area PSEG    (PAG,XDATA)
                                    297 ;--------------------------------------------------------
                                    298 ; uninitialized external ram data
                                    299 ;--------------------------------------------------------
                                    300 	.area XSEG    (XDATA)
                                    301 ;--------------------------------------------------------
                                    302 ; absolute external ram data
                                    303 ;--------------------------------------------------------
                                    304 	.area XABS    (ABS,XDATA)
                                    305 ;--------------------------------------------------------
                                    306 ; initialized external ram data
                                    307 ;--------------------------------------------------------
                                    308 	.area XISEG   (XDATA)
                                    309 	.area HOME    (CODE)
                                    310 	.area GSINIT0 (CODE)
                                    311 	.area GSINIT1 (CODE)
                                    312 	.area GSINIT2 (CODE)
                                    313 	.area GSINIT3 (CODE)
                                    314 	.area GSINIT4 (CODE)
                                    315 	.area GSINIT5 (CODE)
                                    316 	.area GSINIT  (CODE)
                                    317 	.area GSFINAL (CODE)
                                    318 	.area CSEG    (CODE)
                                    319 ;--------------------------------------------------------
                                    320 ; interrupt vector
                                    321 ;--------------------------------------------------------
                                    322 	.area HOME    (CODE)
      000000                        323 __interrupt_vect:
      000000 02r00r00         [24]  324 	ljmp	__sdcc_gsinit_startup
                                    325 ; restartable atomic support routines
      000003                        326 	.ds	5
      000008                        327 sdcc_atomic_exchange_rollback_start::
      000008 00               [12]  328 	nop
      000009 00               [12]  329 	nop
      00000A                        330 sdcc_atomic_exchange_pdata_impl:
      00000A E2               [24]  331 	movx	a, @r0
      00000B FB               [12]  332 	mov	r3, a
      00000C EA               [12]  333 	mov	a, r2
      00000D F2               [24]  334 	movx	@r0, a
      00000E 80 2C            [24]  335 	sjmp	sdcc_atomic_exchange_exit
      000010 00               [12]  336 	nop
      000011 00               [12]  337 	nop
      000012                        338 sdcc_atomic_exchange_xdata_impl:
      000012 E0               [24]  339 	movx	a, @dptr
      000013 FB               [12]  340 	mov	r3, a
      000014 EA               [12]  341 	mov	a, r2
      000015 F0               [24]  342 	movx	@dptr, a
      000016 80 24            [24]  343 	sjmp	sdcc_atomic_exchange_exit
      000018                        344 sdcc_atomic_compare_exchange_idata_impl:
      000018 E6               [12]  345 	mov	a, @r0
      000019 B5 02 02         [24]  346 	cjne	a, ar2, .+#5
      00001C EB               [12]  347 	mov	a, r3
      00001D F6               [12]  348 	mov	@r0, a
      00001E 22               [24]  349 	ret
      00001F 00               [12]  350 	nop
      000020                        351 sdcc_atomic_compare_exchange_pdata_impl:
      000020 E2               [24]  352 	movx	a, @r0
      000021 B5 02 02         [24]  353 	cjne	a, ar2, .+#5
      000024 EB               [12]  354 	mov	a, r3
      000025 F2               [24]  355 	movx	@r0, a
      000026 22               [24]  356 	ret
      000027 00               [12]  357 	nop
      000028                        358 sdcc_atomic_compare_exchange_xdata_impl:
      000028 E0               [24]  359 	movx	a, @dptr
      000029 B5 02 02         [24]  360 	cjne	a, ar2, .+#5
      00002C EB               [12]  361 	mov	a, r3
      00002D F0               [24]  362 	movx	@dptr, a
      00002E 22               [24]  363 	ret
      00002F                        364 sdcc_atomic_exchange_rollback_end::
                                    365 
      00002F                        366 sdcc_atomic_exchange_gptr_impl::
      00002F 30 F6 E0         [24]  367 	jnb	b.6, sdcc_atomic_exchange_xdata_impl
      000032 A8 82            [24]  368 	mov	r0, dpl
      000034 20 F5 D3         [24]  369 	jb	b.5, sdcc_atomic_exchange_pdata_impl
      000037                        370 sdcc_atomic_exchange_idata_impl:
      000037 EA               [12]  371 	mov	a, r2
      000038 C6               [12]  372 	xch	a, @r0
      000039 F5 82            [12]  373 	mov	dpl, a
      00003B 22               [24]  374 	ret
      00003C                        375 sdcc_atomic_exchange_exit:
      00003C 8B 82            [24]  376 	mov	dpl, r3
      00003E 22               [24]  377 	ret
      00003F                        378 sdcc_atomic_compare_exchange_gptr_impl::
      00003F 30 F6 E6         [24]  379 	jnb	b.6, sdcc_atomic_compare_exchange_xdata_impl
      000042 A8 82            [24]  380 	mov	r0, dpl
      000044 20 F5 D9         [24]  381 	jb	b.5, sdcc_atomic_compare_exchange_pdata_impl
      000047 80 CF            [24]  382 	sjmp	sdcc_atomic_compare_exchange_idata_impl
                                    383 ;--------------------------------------------------------
                                    384 ; global & static initialisations
                                    385 ;--------------------------------------------------------
                                    386 	.area HOME    (CODE)
                                    387 	.area GSINIT  (CODE)
                                    388 	.area GSFINAL (CODE)
                                    389 	.area GSINIT  (CODE)
                                    390 	.globl __sdcc_gsinit_startup
                                    391 	.globl __sdcc_program_startup
                                    392 	.globl __start__stack
                                    393 	.globl __mcs51_genXINIT
                                    394 	.globl __mcs51_genXRAMCLEAR
                                    395 	.globl __mcs51_genRAMCLEAR
                                    396 	.area GSFINAL (CODE)
      000000 02r00r49         [24]  397 	ljmp	__sdcc_program_startup
                                    398 ;--------------------------------------------------------
                                    399 ; Home
                                    400 ;--------------------------------------------------------
                                    401 	.area HOME    (CODE)
                                    402 	.area HOME    (CODE)
      000049                        403 __sdcc_program_startup:
      000049 12r00r16         [24]  404 	lcall	_main
      00004C                        405 __sdcc_program_exit:
      00004C 80 FE            [24]  406 	sjmp	.
                                    407 ;	return from main will return to caller
                                    408 ;--------------------------------------------------------
                                    409 ; code
                                    410 ;--------------------------------------------------------
                                    411 	.area CSEG    (CODE)
                                    412 ;------------------------------------------------------------
                                    413 ;Allocation info for local variables in function 'timer_setup'
                                    414 ;------------------------------------------------------------
                                    415 ;	main.c:16: void timer_setup(void) {
                                    416 ;	-----------------------------------------
                                    417 ;	 function timer_setup
                                    418 ;	-----------------------------------------
      000000                        419 _timer_setup:
                           000007   420 	ar7 = 0x07
                           000006   421 	ar6 = 0x06
                           000005   422 	ar5 = 0x05
                           000004   423 	ar4 = 0x04
                           000003   424 	ar3 = 0x03
                           000002   425 	ar2 = 0x02
                           000001   426 	ar1 = 0x01
                           000000   427 	ar0 = 0x00
                                    428 ;	main.c:17: TMOD = 0x33;               /* TIMER0 em Modo 3 */
      000000 75 89 33         [24]  429 	mov	_TMOD,#0x33
                                    430 ;	main.c:18: TR0 = 0;                   /* Desligar TL0. */
                                    431 ;	assignBit
      000003 C2 8C            [12]  432 	clr	_TR0
                                    433 ;	main.c:19: TR1 = 0;                   /* Desligar TH0. */
                                    434 ;	assignBit
      000005 C2 8E            [12]  435 	clr	_TR1
                                    436 ;	main.c:21: TL0 = 0x06;                /* 250us */
      000007 75 8A 06         [24]  437 	mov	_TL0,#0x06
                                    438 ;	main.c:22: TH0 = 0x9C;                /* 100us */
      00000A 75 8C 9C         [24]  439 	mov	_TH0,#0x9c
                                    440 ;	main.c:24: TF0 = 0;             /* Limpa a flag de TL0. */
                                    441 ;	assignBit
      00000D C2 8D            [12]  442 	clr	_TF0
                                    443 ;	main.c:25: TF1 = 0;             /* Limpa a flag de TH0. */
                                    444 ;	assignBit
      00000F C2 8F            [12]  445 	clr	_TF1
                                    446 ;	main.c:26: TR0 = 1;                   /* Inicia TL0. */
                                    447 ;	assignBit
      000011 D2 8C            [12]  448 	setb	_TR0
                                    449 ;	main.c:27: TR1 = 1;                   /* Inicia TH0. */
                                    450 ;	assignBit
      000013 D2 8E            [12]  451 	setb	_TR1
                                    452 ;	main.c:28: }
      000015 22               [24]  453 	ret
                                    454 ;------------------------------------------------------------
                                    455 ;Allocation info for local variables in function 'main'
                                    456 ;------------------------------------------------------------
                                    457 ;	main.c:30: void main(void) {
                                    458 ;	-----------------------------------------
                                    459 ;	 function main
                                    460 ;	-----------------------------------------
      000016                        461 _main:
                                    462 ;	main.c:31: SAIDA_0 = 0;
                                    463 ;	assignBit
      000016 C2 90            [12]  464 	clr	_P1_0
                                    465 ;	main.c:32: SAIDA_1 = 0;
                                    466 ;	assignBit
      000018 C2 91            [12]  467 	clr	_P1_1
                                    468 ;	main.c:33: timer_setup();
      00001A 12r00r00         [24]  469 	lcall	_timer_setup
                                    470 ;	main.c:35: while (1) {
      00001D                        471 00106$:
                                    472 ;	main.c:36: if (TF0 != 0) {
      00001D 30 8D 0B         [24]  473 	jnb	_TF0,00102$
                                    474 ;	main.c:37: TR0 = 0;   /* Para TL0 para recarregar. */
                                    475 ;	assignBit
      000020 C2 8C            [12]  476 	clr	_TR0
                                    477 ;	main.c:38: TL0 = 0x06;
      000022 75 8A 06         [24]  478 	mov	_TL0,#0x06
                                    479 ;	main.c:39: TF0 = 0;
                                    480 ;	assignBit
      000025 C2 8D            [12]  481 	clr	_TF0
                                    482 ;	main.c:40: SAIDA_0 = !SAIDA_0;
      000027 B2 90            [12]  483 	cpl	_P1_0
                                    484 ;	main.c:41: TR0 = 1;
                                    485 ;	assignBit
      000029 D2 8C            [12]  486 	setb	_TR0
      00002B                        487 00102$:
                                    488 ;	main.c:43: if (TF1 != 0) {
      00002B 30 8F EF         [24]  489 	jnb	_TF1,00106$
                                    490 ;	main.c:44: TR1 = 0;   /* Para TH0 para recarregar. */
                                    491 ;	assignBit
      00002E C2 8E            [12]  492 	clr	_TR1
                                    493 ;	main.c:45: TH0 = 0x9C;
      000030 75 8C 9C         [24]  494 	mov	_TH0,#0x9c
                                    495 ;	main.c:46: TF1 = 0;
                                    496 ;	assignBit
      000033 C2 8F            [12]  497 	clr	_TF1
                                    498 ;	main.c:47: SAIDA_1 = !SAIDA_1;
      000035 B2 91            [12]  499 	cpl	_P1_1
                                    500 ;	main.c:48: TR1 = 1;
                                    501 ;	assignBit
      000037 D2 8E            [12]  502 	setb	_TR1
                                    503 ;	main.c:51: }
      000039 80 E2            [24]  504 	sjmp	00106$
                                    505 	.area CSEG    (CODE)
                                    506 	.area CONST   (CODE)
                                    507 	.area XINIT   (CODE)
                                    508 	.area CABS    (ABS,CODE)
