                                      1 ;--------------------------------------------------------
                                      2 ; File Created by SDCC : free open source ISO C Compiler
                                      3 ; Version 4.6.0 #16555 (MINGW64)
                                      4 ;--------------------------------------------------------
                                      5 	.module main
                                      6 	
                                      7 	.optsdcc -mmcs51 --model-small
                                      8 ;--------------------------------------------------------
                                      9 ; Public variables in this module
                                     10 ;--------------------------------------------------------
                                     11 	.globl _main
                                     12 	.globl _TF2
                                     13 	.globl _EXF2
                                     14 	.globl _RCLK
                                     15 	.globl _TCLK
                                     16 	.globl _EXEN2
                                     17 	.globl _TR2
                                     18 	.globl _C_T2
                                     19 	.globl _CP_RL2
                                     20 	.globl _T2CON_7
                                     21 	.globl _T2CON_6
                                     22 	.globl _T2CON_5
                                     23 	.globl _T2CON_4
                                     24 	.globl _T2CON_3
                                     25 	.globl _T2CON_2
                                     26 	.globl _T2CON_1
                                     27 	.globl _T2CON_0
                                     28 	.globl _PT2
                                     29 	.globl _ET2
                                     30 	.globl _CY
                                     31 	.globl _AC
                                     32 	.globl _F0
                                     33 	.globl _RS1
                                     34 	.globl _RS0
                                     35 	.globl _OV
                                     36 	.globl _F1
                                     37 	.globl _P
                                     38 	.globl _PS
                                     39 	.globl _PT1
                                     40 	.globl _PX1
                                     41 	.globl _PT0
                                     42 	.globl _PX0
                                     43 	.globl _RD
                                     44 	.globl _WR
                                     45 	.globl _T1
                                     46 	.globl _T0
                                     47 	.globl _INT1
                                     48 	.globl _INT0
                                     49 	.globl _TXD
                                     50 	.globl _RXD
                                     51 	.globl _P3_7
                                     52 	.globl _P3_6
                                     53 	.globl _P3_5
                                     54 	.globl _P3_4
                                     55 	.globl _P3_3
                                     56 	.globl _P3_2
                                     57 	.globl _P3_1
                                     58 	.globl _P3_0
                                     59 	.globl _EA
                                     60 	.globl _ES
                                     61 	.globl _ET1
                                     62 	.globl _EX1
                                     63 	.globl _ET0
                                     64 	.globl _EX0
                                     65 	.globl _P2_7
                                     66 	.globl _P2_6
                                     67 	.globl _P2_5
                                     68 	.globl _P2_4
                                     69 	.globl _P2_3
                                     70 	.globl _P2_2
                                     71 	.globl _P2_1
                                     72 	.globl _P2_0
                                     73 	.globl _SM0
                                     74 	.globl _SM1
                                     75 	.globl _SM2
                                     76 	.globl _REN
                                     77 	.globl _TB8
                                     78 	.globl _RB8
                                     79 	.globl _TI
                                     80 	.globl _RI
                                     81 	.globl _P1_7
                                     82 	.globl _P1_6
                                     83 	.globl _P1_5
                                     84 	.globl _P1_4
                                     85 	.globl _P1_3
                                     86 	.globl _P1_2
                                     87 	.globl _P1_1
                                     88 	.globl _P1_0
                                     89 	.globl _TF1
                                     90 	.globl _TR1
                                     91 	.globl _TF0
                                     92 	.globl _TR0
                                     93 	.globl _IE1
                                     94 	.globl _IT1
                                     95 	.globl _IE0
                                     96 	.globl _IT0
                                     97 	.globl _P0_7
                                     98 	.globl _P0_6
                                     99 	.globl _P0_5
                                    100 	.globl _P0_4
                                    101 	.globl _P0_3
                                    102 	.globl _P0_2
                                    103 	.globl _P0_1
                                    104 	.globl _P0_0
                                    105 	.globl _TH2
                                    106 	.globl _TL2
                                    107 	.globl _RCAP2H
                                    108 	.globl _RCAP2L
                                    109 	.globl _T2CON
                                    110 	.globl _B
                                    111 	.globl _ACC
                                    112 	.globl _PSW
                                    113 	.globl _IP
                                    114 	.globl _P3
                                    115 	.globl _IE
                                    116 	.globl _P2
                                    117 	.globl _SBUF
                                    118 	.globl _SCON
                                    119 	.globl _P1
                                    120 	.globl _TH1
                                    121 	.globl _TH0
                                    122 	.globl _TL1
                                    123 	.globl _TL0
                                    124 	.globl _TMOD
                                    125 	.globl _TCON
                                    126 	.globl _PCON
                                    127 	.globl _DPH
                                    128 	.globl _DPL
                                    129 	.globl _SP
                                    130 	.globl _P0
                                    131 ;--------------------------------------------------------
                                    132 ; special function registers
                                    133 ;--------------------------------------------------------
                                    134 	.area RSEG    (ABS,DATA)
      000000                        135 	.org 0x0000
                           000080   136 _P0	=	0x0080
                           000081   137 _SP	=	0x0081
                           000082   138 _DPL	=	0x0082
                           000083   139 _DPH	=	0x0083
                           000087   140 _PCON	=	0x0087
                           000088   141 _TCON	=	0x0088
                           000089   142 _TMOD	=	0x0089
                           00008A   143 _TL0	=	0x008a
                           00008B   144 _TL1	=	0x008b
                           00008C   145 _TH0	=	0x008c
                           00008D   146 _TH1	=	0x008d
                           000090   147 _P1	=	0x0090
                           000098   148 _SCON	=	0x0098
                           000099   149 _SBUF	=	0x0099
                           0000A0   150 _P2	=	0x00a0
                           0000A8   151 _IE	=	0x00a8
                           0000B0   152 _P3	=	0x00b0
                           0000B8   153 _IP	=	0x00b8
                           0000D0   154 _PSW	=	0x00d0
                           0000E0   155 _ACC	=	0x00e0
                           0000F0   156 _B	=	0x00f0
                           0000C8   157 _T2CON	=	0x00c8
                           0000CA   158 _RCAP2L	=	0x00ca
                           0000CB   159 _RCAP2H	=	0x00cb
                           0000CC   160 _TL2	=	0x00cc
                           0000CD   161 _TH2	=	0x00cd
                                    162 ;--------------------------------------------------------
                                    163 ; special function bits
                                    164 ;--------------------------------------------------------
                                    165 	.area RSEG    (ABS,DATA)
      000000                        166 	.org 0x0000
                           000080   167 _P0_0	=	0x0080
                           000081   168 _P0_1	=	0x0081
                           000082   169 _P0_2	=	0x0082
                           000083   170 _P0_3	=	0x0083
                           000084   171 _P0_4	=	0x0084
                           000085   172 _P0_5	=	0x0085
                           000086   173 _P0_6	=	0x0086
                           000087   174 _P0_7	=	0x0087
                           000088   175 _IT0	=	0x0088
                           000089   176 _IE0	=	0x0089
                           00008A   177 _IT1	=	0x008a
                           00008B   178 _IE1	=	0x008b
                           00008C   179 _TR0	=	0x008c
                           00008D   180 _TF0	=	0x008d
                           00008E   181 _TR1	=	0x008e
                           00008F   182 _TF1	=	0x008f
                           000090   183 _P1_0	=	0x0090
                           000091   184 _P1_1	=	0x0091
                           000092   185 _P1_2	=	0x0092
                           000093   186 _P1_3	=	0x0093
                           000094   187 _P1_4	=	0x0094
                           000095   188 _P1_5	=	0x0095
                           000096   189 _P1_6	=	0x0096
                           000097   190 _P1_7	=	0x0097
                           000098   191 _RI	=	0x0098
                           000099   192 _TI	=	0x0099
                           00009A   193 _RB8	=	0x009a
                           00009B   194 _TB8	=	0x009b
                           00009C   195 _REN	=	0x009c
                           00009D   196 _SM2	=	0x009d
                           00009E   197 _SM1	=	0x009e
                           00009F   198 _SM0	=	0x009f
                           0000A0   199 _P2_0	=	0x00a0
                           0000A1   200 _P2_1	=	0x00a1
                           0000A2   201 _P2_2	=	0x00a2
                           0000A3   202 _P2_3	=	0x00a3
                           0000A4   203 _P2_4	=	0x00a4
                           0000A5   204 _P2_5	=	0x00a5
                           0000A6   205 _P2_6	=	0x00a6
                           0000A7   206 _P2_7	=	0x00a7
                           0000A8   207 _EX0	=	0x00a8
                           0000A9   208 _ET0	=	0x00a9
                           0000AA   209 _EX1	=	0x00aa
                           0000AB   210 _ET1	=	0x00ab
                           0000AC   211 _ES	=	0x00ac
                           0000AF   212 _EA	=	0x00af
                           0000B0   213 _P3_0	=	0x00b0
                           0000B1   214 _P3_1	=	0x00b1
                           0000B2   215 _P3_2	=	0x00b2
                           0000B3   216 _P3_3	=	0x00b3
                           0000B4   217 _P3_4	=	0x00b4
                           0000B5   218 _P3_5	=	0x00b5
                           0000B6   219 _P3_6	=	0x00b6
                           0000B7   220 _P3_7	=	0x00b7
                           0000B0   221 _RXD	=	0x00b0
                           0000B1   222 _TXD	=	0x00b1
                           0000B2   223 _INT0	=	0x00b2
                           0000B3   224 _INT1	=	0x00b3
                           0000B4   225 _T0	=	0x00b4
                           0000B5   226 _T1	=	0x00b5
                           0000B6   227 _WR	=	0x00b6
                           0000B7   228 _RD	=	0x00b7
                           0000B8   229 _PX0	=	0x00b8
                           0000B9   230 _PT0	=	0x00b9
                           0000BA   231 _PX1	=	0x00ba
                           0000BB   232 _PT1	=	0x00bb
                           0000BC   233 _PS	=	0x00bc
                           0000D0   234 _P	=	0x00d0
                           0000D1   235 _F1	=	0x00d1
                           0000D2   236 _OV	=	0x00d2
                           0000D3   237 _RS0	=	0x00d3
                           0000D4   238 _RS1	=	0x00d4
                           0000D5   239 _F0	=	0x00d5
                           0000D6   240 _AC	=	0x00d6
                           0000D7   241 _CY	=	0x00d7
                           0000AD   242 _ET2	=	0x00ad
                           0000BD   243 _PT2	=	0x00bd
                           0000C8   244 _T2CON_0	=	0x00c8
                           0000C9   245 _T2CON_1	=	0x00c9
                           0000CA   246 _T2CON_2	=	0x00ca
                           0000CB   247 _T2CON_3	=	0x00cb
                           0000CC   248 _T2CON_4	=	0x00cc
                           0000CD   249 _T2CON_5	=	0x00cd
                           0000CE   250 _T2CON_6	=	0x00ce
                           0000CF   251 _T2CON_7	=	0x00cf
                           0000C8   252 _CP_RL2	=	0x00c8
                           0000C9   253 _C_T2	=	0x00c9
                           0000CA   254 _TR2	=	0x00ca
                           0000CB   255 _EXEN2	=	0x00cb
                           0000CC   256 _TCLK	=	0x00cc
                           0000CD   257 _RCLK	=	0x00cd
                           0000CE   258 _EXF2	=	0x00ce
                           0000CF   259 _TF2	=	0x00cf
                                    260 ;--------------------------------------------------------
                                    261 ; overlayable register banks
                                    262 ;--------------------------------------------------------
                                    263 	.area REG_BANK_0	(REL,OVR,DATA)
      000000                        264 	.ds 8
                                    265 ;--------------------------------------------------------
                                    266 ; internal ram data
                                    267 ;--------------------------------------------------------
                                    268 	.area DSEG    (DATA)
                                    269 ;--------------------------------------------------------
                                    270 ; overlayable items in internal ram
                                    271 ;--------------------------------------------------------
                                    272 	.area	OSEG    (OVR,DATA)
                                    273 ;--------------------------------------------------------
                                    274 ; Stack segment in internal ram
                                    275 ;--------------------------------------------------------
                                    276 	.area SSEG
      000000                        277 __start__stack:
      000000                        278 	.ds	1
                                    279 
                                    280 ;--------------------------------------------------------
                                    281 ; indirectly addressable internal ram data
                                    282 ;--------------------------------------------------------
                                    283 	.area ISEG    (DATA)
                                    284 ;--------------------------------------------------------
                                    285 ; absolute internal ram data
                                    286 ;--------------------------------------------------------
                                    287 	.area IABS    (ABS,DATA)
                                    288 	.area IABS    (ABS,DATA)
                                    289 ;--------------------------------------------------------
                                    290 ; bit data
                                    291 ;--------------------------------------------------------
                                    292 	.area BSEG    (BIT)
                                    293 ;--------------------------------------------------------
                                    294 ; paged external ram data
                                    295 ;--------------------------------------------------------
                                    296 	.area PSEG    (PAG,XDATA)
                                    297 ;--------------------------------------------------------
                                    298 ; uninitialized external ram data
                                    299 ;--------------------------------------------------------
                                    300 	.area XSEG    (XDATA)
                                    301 ;--------------------------------------------------------
                                    302 ; absolute external ram data
                                    303 ;--------------------------------------------------------
                                    304 	.area XABS    (ABS,XDATA)
                                    305 ;--------------------------------------------------------
                                    306 ; initialized external ram data
                                    307 ;--------------------------------------------------------
                                    308 	.area XISEG   (XDATA)
                                    309 	.area HOME    (CODE)
                                    310 	.area GSINIT0 (CODE)
                                    311 	.area GSINIT1 (CODE)
                                    312 	.area GSINIT2 (CODE)
                                    313 	.area GSINIT3 (CODE)
                                    314 	.area GSINIT4 (CODE)
                                    315 	.area GSINIT5 (CODE)
                                    316 	.area GSINIT  (CODE)
                                    317 	.area GSFINAL (CODE)
                                    318 	.area CSEG    (CODE)
                                    319 ;--------------------------------------------------------
                                    320 ; interrupt vector
                                    321 ;--------------------------------------------------------
                                    322 	.area HOME    (CODE)
      000000                        323 __interrupt_vect:
      000000 02r00r00         [24]  324 	ljmp	__sdcc_gsinit_startup
                                    325 ; restartable atomic support routines
      000003                        326 	.ds	5
      000008                        327 sdcc_atomic_exchange_rollback_start::
      000008 00               [12]  328 	nop
      000009 00               [12]  329 	nop
      00000A                        330 sdcc_atomic_exchange_pdata_impl:
      00000A E2               [24]  331 	movx	a, @r0
      00000B FB               [12]  332 	mov	r3, a
      00000C EA               [12]  333 	mov	a, r2
      00000D F2               [24]  334 	movx	@r0, a
      00000E 80 2C            [24]  335 	sjmp	sdcc_atomic_exchange_exit
      000010 00               [12]  336 	nop
      000011 00               [12]  337 	nop
      000012                        338 sdcc_atomic_exchange_xdata_impl:
      000012 E0               [24]  339 	movx	a, @dptr
      000013 FB               [12]  340 	mov	r3, a
      000014 EA               [12]  341 	mov	a, r2
      000015 F0               [24]  342 	movx	@dptr, a
      000016 80 24            [24]  343 	sjmp	sdcc_atomic_exchange_exit
      000018                        344 sdcc_atomic_compare_exchange_idata_impl:
      000018 E6               [12]  345 	mov	a, @r0
      000019 B5 02 02         [24]  346 	cjne	a, ar2, .+#5
      00001C EB               [12]  347 	mov	a, r3
      00001D F6               [12]  348 	mov	@r0, a
      00001E 22               [24]  349 	ret
      00001F 00               [12]  350 	nop
      000020                        351 sdcc_atomic_compare_exchange_pdata_impl:
      000020 E2               [24]  352 	movx	a, @r0
      000021 B5 02 02         [24]  353 	cjne	a, ar2, .+#5
      000024 EB               [12]  354 	mov	a, r3
      000025 F2               [24]  355 	movx	@r0, a
      000026 22               [24]  356 	ret
      000027 00               [12]  357 	nop
      000028                        358 sdcc_atomic_compare_exchange_xdata_impl:
      000028 E0               [24]  359 	movx	a, @dptr
      000029 B5 02 02         [24]  360 	cjne	a, ar2, .+#5
      00002C EB               [12]  361 	mov	a, r3
      00002D F0               [24]  362 	movx	@dptr, a
      00002E 22               [24]  363 	ret
      00002F                        364 sdcc_atomic_exchange_rollback_end::
                                    365 
      00002F                        366 sdcc_atomic_exchange_gptr_impl::
      00002F 30 F6 E0         [24]  367 	jnb	b.6, sdcc_atomic_exchange_xdata_impl
      000032 A8 82            [24]  368 	mov	r0, dpl
      000034 20 F5 D3         [24]  369 	jb	b.5, sdcc_atomic_exchange_pdata_impl
      000037                        370 sdcc_atomic_exchange_idata_impl:
      000037 EA               [12]  371 	mov	a, r2
      000038 C6               [12]  372 	xch	a, @r0
      000039 F5 82            [12]  373 	mov	dpl, a
      00003B 22               [24]  374 	ret
      00003C                        375 sdcc_atomic_exchange_exit:
      00003C 8B 82            [24]  376 	mov	dpl, r3
      00003E 22               [24]  377 	ret
      00003F                        378 sdcc_atomic_compare_exchange_gptr_impl::
      00003F 30 F6 E6         [24]  379 	jnb	b.6, sdcc_atomic_compare_exchange_xdata_impl
      000042 A8 82            [24]  380 	mov	r0, dpl
      000044 20 F5 D9         [24]  381 	jb	b.5, sdcc_atomic_compare_exchange_pdata_impl
      000047 80 CF            [24]  382 	sjmp	sdcc_atomic_compare_exchange_idata_impl
                                    383 ;--------------------------------------------------------
                                    384 ; global & static initialisations
                                    385 ;--------------------------------------------------------
                                    386 	.area HOME    (CODE)
                                    387 	.area GSINIT  (CODE)
                                    388 	.area GSFINAL (CODE)
                                    389 	.area GSINIT  (CODE)
                                    390 	.globl __sdcc_gsinit_startup
                                    391 	.globl __sdcc_program_startup
                                    392 	.globl __start__stack
                                    393 	.globl __mcs51_genXINIT
                                    394 	.globl __mcs51_genXRAMCLEAR
                                    395 	.globl __mcs51_genRAMCLEAR
                                    396 	.area GSFINAL (CODE)
      000000 02r00r49         [24]  397 	ljmp	__sdcc_program_startup
                                    398 ;--------------------------------------------------------
                                    399 ; Home
                                    400 ;--------------------------------------------------------
                                    401 	.area HOME    (CODE)
                                    402 	.area HOME    (CODE)
      000049                        403 __sdcc_program_startup:
      000049 12r00r00         [24]  404 	lcall	_main
      00004C                        405 __sdcc_program_exit:
      00004C 80 FE            [24]  406 	sjmp	.
                                    407 ;	return from main will return to caller
                                    408 ;--------------------------------------------------------
                                    409 ; code
                                    410 ;--------------------------------------------------------
                                    411 	.area CSEG    (CODE)
                                    412 ;------------------------------------------------------------
                                    413 ;Allocation info for local variables in function 'main'
                                    414 ;------------------------------------------------------------
                                    415 ;captura_atual Allocated to registers r3 r4 
                                    416 ;captura_anterior Allocated to registers r6 r7 
                                    417 ;periodo       Allocated to registers r3 r4 
                                    418 ;primeira_captura Allocated to registers r5 
                                    419 ;------------------------------------------------------------
                                    420 ;	main.c:13: void main(void)
                                    421 ;	-----------------------------------------
                                    422 ;	 function main
                                    423 ;	-----------------------------------------
      000000                        424 _main:
                           000007   425 	ar7 = 0x07
                           000006   426 	ar6 = 0x06
                           000005   427 	ar5 = 0x05
                           000004   428 	ar4 = 0x04
                           000003   429 	ar3 = 0x03
                           000002   430 	ar2 = 0x02
                           000001   431 	ar1 = 0x01
                           000000   432 	ar0 = 0x00
                                    433 ;	main.c:16: unsigned int captura_anterior = 0;
      000000 7E 00            [12]  434 	mov	r6,#0x00
      000002 7F 00            [12]  435 	mov	r7,#0x00
                                    436 ;	main.c:18: unsigned char primeira_captura = 1;
      000004 7D 01            [12]  437 	mov	r5,#0x01
                                    438 ;	main.c:20: P1_1 = 1; // Libera T2EX/P1.1 para funcionar como entrada
                                    439 ;	assignBit
      000006 D2 91            [12]  440 	setb	_P1_1
                                    441 ;	main.c:22: T2CON = 0x09; // EXEN2 = 1 e CP/RL2 = 1: modo de captura
      000008 75 C8 09         [24]  442 	mov	_T2CON,#0x09
                                    443 ;	main.c:24: TH2 = 0x00; // Inicia o Timer 2 em 0x0000
      00000B 75 CD 00         [24]  444 	mov	_TH2,#0x00
                                    445 ;	main.c:25: TL2 = 0x00;
      00000E 75 CC 00         [24]  446 	mov	_TL2,#0x00
                                    447 ;	main.c:27: TF2 = 0; // Limpa as flags do Timer 2
                                    448 ;	assignBit
      000011 C2 CF            [12]  449 	clr	_TF2
                                    450 ;	main.c:28: EXF2 = 0;
                                    451 ;	assignBit
      000013 C2 CE            [12]  452 	clr	_EXF2
                                    453 ;	main.c:30: TR2 = 1; // Inicia a contagem do Timer 2
                                    454 ;	assignBit
      000015 D2 CA            [12]  455 	setb	_TR2
                                    456 ;	main.c:32: while (1)
      000017                        457 00112$:
                                    458 ;	main.c:35: if (EXF2)
      000017 30 CE 2F         [24]  459 	jnb	_EXF2,00108$
                                    460 ;	main.c:41: EXEN2 = 0;
                                    461 ;	assignBit
      00001A C2 CB            [12]  462 	clr	_EXEN2
                                    463 ;	main.c:45: ((unsigned int)RCAP2H << 8) | RCAP2L;
      00001C AC CB            [24]  464 	mov	r4,_RCAP2H
      00001E 7B 00            [12]  465 	mov	r3,#0x00
      000020 A9 CA            [24]  466 	mov	r1,_RCAP2L
      000022 7A 00            [12]  467 	mov	r2,#0x00
      000024 E9               [12]  468 	mov	a,r1
      000025 42 03            [12]  469 	orl	ar3,a
      000027 EA               [12]  470 	mov	a,r2
      000028 42 04            [12]  471 	orl	ar4,a
                                    472 ;	main.c:48: EXF2 = 0;
                                    473 ;	assignBit
      00002A C2 CE            [12]  474 	clr	_EXF2
                                    475 ;	main.c:51: EXEN2 = 1;
                                    476 ;	assignBit
      00002C D2 CB            [12]  477 	setb	_EXEN2
                                    478 ;	main.c:53: if (primeira_captura)
      00002E ED               [12]  479 	mov	a,r5
      00002F 60 08            [24]  480 	jz	00105$
                                    481 ;	main.c:59: captura_anterior = captura_atual;
      000031 8B 06            [24]  482 	mov	ar6,r3
      000033 8C 07            [24]  483 	mov	ar7,r4
                                    484 ;	main.c:60: primeira_captura = 0;
      000035 7D 00            [12]  485 	mov	r5,#0x00
      000037 80 10            [24]  486 	sjmp	00108$
      000039                        487 00105$:
                                    488 ;	main.c:67: periodo = captura_atual - captura_anterior;
      000039 EB               [12]  489 	mov	a,r3
      00003A C3               [12]  490 	clr	c
      00003B 9E               [12]  491 	subb	a,r6
      00003C FB               [12]  492 	mov	r3,a
      00003D EC               [12]  493 	mov	a,r4
      00003E 9F               [12]  494 	subb	a,r7
                                    495 ;	main.c:70: P3 = (unsigned char)(periodo >> 8);
      00003F F5 B0            [12]  496 	mov	_P3, a
                                    497 ;	main.c:73: P2 = (unsigned char)periodo;
      000041 8B A0            [24]  498 	mov	_P2,r3
                                    499 ;	main.c:81: EXEN2 = 0;
                                    500 ;	assignBit
      000043 C2 CB            [12]  501 	clr	_EXEN2
                                    502 ;	main.c:82: TR2 = 0;
                                    503 ;	assignBit
      000045 C2 CA            [12]  504 	clr	_TR2
                                    505 ;	main.c:88: while (1)
      000047                        506 00102$:
      000047 80 FE            [24]  507 	sjmp	00102$
      000049                        508 00108$:
                                    509 ;	main.c:97: if (TF2)
                                    510 ;	main.c:99: TF2 = 0;
                                    511 ;	assignBit
      000049 10 CF CB         [24]  512 	jbc	_TF2,00112$
                                    513 ;	main.c:102: }
      00004C 80 C9            [24]  514 	sjmp	00112$
                                    515 	.area CSEG    (CODE)
                                    516 	.area CONST   (CODE)
                                    517 	.area XINIT   (CODE)
                                    518 	.area CABS    (ABS,CODE)
