                                      1 ;--------------------------------------------------------
                                      2 ; File Created by SDCC : free open source ISO C Compiler
                                      3 ; Version 4.6.0 #16555 (Linux)
                                      4 ;--------------------------------------------------------
                                      5 	.module main
                                      6 	
                                      7 	.optsdcc -mmcs51 --model-small
                                      8 ;--------------------------------------------------------
                                      9 ; Public variables in this module
                                     10 ;--------------------------------------------------------
                                     11 	.globl _main
                                     12 	.globl _delay_ms
                                     13 	.globl _timer_1ms
                                     14 	.globl _timer_setup
                                     15 	.globl _TF2
                                     16 	.globl _EXF2
                                     17 	.globl _RCLK
                                     18 	.globl _TCLK
                                     19 	.globl _EXEN2
                                     20 	.globl _TR2
                                     21 	.globl _C_T2
                                     22 	.globl _CP_RL2
                                     23 	.globl _T2CON_7
                                     24 	.globl _T2CON_6
                                     25 	.globl _T2CON_5
                                     26 	.globl _T2CON_4
                                     27 	.globl _T2CON_3
                                     28 	.globl _T2CON_2
                                     29 	.globl _T2CON_1
                                     30 	.globl _T2CON_0
                                     31 	.globl _PT2
                                     32 	.globl _ET2
                                     33 	.globl _CY
                                     34 	.globl _AC
                                     35 	.globl _F0
                                     36 	.globl _RS1
                                     37 	.globl _RS0
                                     38 	.globl _OV
                                     39 	.globl _F1
                                     40 	.globl _P
                                     41 	.globl _PS
                                     42 	.globl _PT1
                                     43 	.globl _PX1
                                     44 	.globl _PT0
                                     45 	.globl _PX0
                                     46 	.globl _RD
                                     47 	.globl _WR
                                     48 	.globl _T1
                                     49 	.globl _T0
                                     50 	.globl _INT1
                                     51 	.globl _INT0
                                     52 	.globl _TXD
                                     53 	.globl _RXD
                                     54 	.globl _P3_7
                                     55 	.globl _P3_6
                                     56 	.globl _P3_5
                                     57 	.globl _P3_4
                                     58 	.globl _P3_3
                                     59 	.globl _P3_2
                                     60 	.globl _P3_1
                                     61 	.globl _P3_0
                                     62 	.globl _EA
                                     63 	.globl _ES
                                     64 	.globl _ET1
                                     65 	.globl _EX1
                                     66 	.globl _ET0
                                     67 	.globl _EX0
                                     68 	.globl _P2_7
                                     69 	.globl _P2_6
                                     70 	.globl _P2_5
                                     71 	.globl _P2_4
                                     72 	.globl _P2_3
                                     73 	.globl _P2_2
                                     74 	.globl _P2_1
                                     75 	.globl _P2_0
                                     76 	.globl _SM0
                                     77 	.globl _SM1
                                     78 	.globl _SM2
                                     79 	.globl _REN
                                     80 	.globl _TB8
                                     81 	.globl _RB8
                                     82 	.globl _TI
                                     83 	.globl _RI
                                     84 	.globl _P1_7
                                     85 	.globl _P1_6
                                     86 	.globl _P1_5
                                     87 	.globl _P1_4
                                     88 	.globl _P1_3
                                     89 	.globl _P1_2
                                     90 	.globl _P1_1
                                     91 	.globl _P1_0
                                     92 	.globl _TF1
                                     93 	.globl _TR1
                                     94 	.globl _TF0
                                     95 	.globl _TR0
                                     96 	.globl _IE1
                                     97 	.globl _IT1
                                     98 	.globl _IE0
                                     99 	.globl _IT0
                                    100 	.globl _P0_7
                                    101 	.globl _P0_6
                                    102 	.globl _P0_5
                                    103 	.globl _P0_4
                                    104 	.globl _P0_3
                                    105 	.globl _P0_2
                                    106 	.globl _P0_1
                                    107 	.globl _P0_0
                                    108 	.globl _TH2
                                    109 	.globl _TL2
                                    110 	.globl _RCAP2H
                                    111 	.globl _RCAP2L
                                    112 	.globl _T2CON
                                    113 	.globl _B
                                    114 	.globl _ACC
                                    115 	.globl _PSW
                                    116 	.globl _IP
                                    117 	.globl _P3
                                    118 	.globl _IE
                                    119 	.globl _P2
                                    120 	.globl _SBUF
                                    121 	.globl _SCON
                                    122 	.globl _P1
                                    123 	.globl _TH1
                                    124 	.globl _TH0
                                    125 	.globl _TL1
                                    126 	.globl _TL0
                                    127 	.globl _TMOD
                                    128 	.globl _TCON
                                    129 	.globl _PCON
                                    130 	.globl _DPH
                                    131 	.globl _DPL
                                    132 	.globl _SP
                                    133 	.globl _P0
                                    134 ;--------------------------------------------------------
                                    135 ; special function registers
                                    136 ;--------------------------------------------------------
                                    137 	.area RSEG    (ABS,DATA)
      000000                        138 	.org 0x0000
                           000080   139 _P0	=	0x0080
                           000081   140 _SP	=	0x0081
                           000082   141 _DPL	=	0x0082
                           000083   142 _DPH	=	0x0083
                           000087   143 _PCON	=	0x0087
                           000088   144 _TCON	=	0x0088
                           000089   145 _TMOD	=	0x0089
                           00008A   146 _TL0	=	0x008a
                           00008B   147 _TL1	=	0x008b
                           00008C   148 _TH0	=	0x008c
                           00008D   149 _TH1	=	0x008d
                           000090   150 _P1	=	0x0090
                           000098   151 _SCON	=	0x0098
                           000099   152 _SBUF	=	0x0099
                           0000A0   153 _P2	=	0x00a0
                           0000A8   154 _IE	=	0x00a8
                           0000B0   155 _P3	=	0x00b0
                           0000B8   156 _IP	=	0x00b8
                           0000D0   157 _PSW	=	0x00d0
                           0000E0   158 _ACC	=	0x00e0
                           0000F0   159 _B	=	0x00f0
                           0000C8   160 _T2CON	=	0x00c8
                           0000CA   161 _RCAP2L	=	0x00ca
                           0000CB   162 _RCAP2H	=	0x00cb
                           0000CC   163 _TL2	=	0x00cc
                           0000CD   164 _TH2	=	0x00cd
                                    165 ;--------------------------------------------------------
                                    166 ; special function bits
                                    167 ;--------------------------------------------------------
                                    168 	.area RSEG    (ABS,DATA)
      000000                        169 	.org 0x0000
                           000080   170 _P0_0	=	0x0080
                           000081   171 _P0_1	=	0x0081
                           000082   172 _P0_2	=	0x0082
                           000083   173 _P0_3	=	0x0083
                           000084   174 _P0_4	=	0x0084
                           000085   175 _P0_5	=	0x0085
                           000086   176 _P0_6	=	0x0086
                           000087   177 _P0_7	=	0x0087
                           000088   178 _IT0	=	0x0088
                           000089   179 _IE0	=	0x0089
                           00008A   180 _IT1	=	0x008a
                           00008B   181 _IE1	=	0x008b
                           00008C   182 _TR0	=	0x008c
                           00008D   183 _TF0	=	0x008d
                           00008E   184 _TR1	=	0x008e
                           00008F   185 _TF1	=	0x008f
                           000090   186 _P1_0	=	0x0090
                           000091   187 _P1_1	=	0x0091
                           000092   188 _P1_2	=	0x0092
                           000093   189 _P1_3	=	0x0093
                           000094   190 _P1_4	=	0x0094
                           000095   191 _P1_5	=	0x0095
                           000096   192 _P1_6	=	0x0096
                           000097   193 _P1_7	=	0x0097
                           000098   194 _RI	=	0x0098
                           000099   195 _TI	=	0x0099
                           00009A   196 _RB8	=	0x009a
                           00009B   197 _TB8	=	0x009b
                           00009C   198 _REN	=	0x009c
                           00009D   199 _SM2	=	0x009d
                           00009E   200 _SM1	=	0x009e
                           00009F   201 _SM0	=	0x009f
                           0000A0   202 _P2_0	=	0x00a0
                           0000A1   203 _P2_1	=	0x00a1
                           0000A2   204 _P2_2	=	0x00a2
                           0000A3   205 _P2_3	=	0x00a3
                           0000A4   206 _P2_4	=	0x00a4
                           0000A5   207 _P2_5	=	0x00a5
                           0000A6   208 _P2_6	=	0x00a6
                           0000A7   209 _P2_7	=	0x00a7
                           0000A8   210 _EX0	=	0x00a8
                           0000A9   211 _ET0	=	0x00a9
                           0000AA   212 _EX1	=	0x00aa
                           0000AB   213 _ET1	=	0x00ab
                           0000AC   214 _ES	=	0x00ac
                           0000AF   215 _EA	=	0x00af
                           0000B0   216 _P3_0	=	0x00b0
                           0000B1   217 _P3_1	=	0x00b1
                           0000B2   218 _P3_2	=	0x00b2
                           0000B3   219 _P3_3	=	0x00b3
                           0000B4   220 _P3_4	=	0x00b4
                           0000B5   221 _P3_5	=	0x00b5
                           0000B6   222 _P3_6	=	0x00b6
                           0000B7   223 _P3_7	=	0x00b7
                           0000B0   224 _RXD	=	0x00b0
                           0000B1   225 _TXD	=	0x00b1
                           0000B2   226 _INT0	=	0x00b2
                           0000B3   227 _INT1	=	0x00b3
                           0000B4   228 _T0	=	0x00b4
                           0000B5   229 _T1	=	0x00b5
                           0000B6   230 _WR	=	0x00b6
                           0000B7   231 _RD	=	0x00b7
                           0000B8   232 _PX0	=	0x00b8
                           0000B9   233 _PT0	=	0x00b9
                           0000BA   234 _PX1	=	0x00ba
                           0000BB   235 _PT1	=	0x00bb
                           0000BC   236 _PS	=	0x00bc
                           0000D0   237 _P	=	0x00d0
                           0000D1   238 _F1	=	0x00d1
                           0000D2   239 _OV	=	0x00d2
                           0000D3   240 _RS0	=	0x00d3
                           0000D4   241 _RS1	=	0x00d4
                           0000D5   242 _F0	=	0x00d5
                           0000D6   243 _AC	=	0x00d6
                           0000D7   244 _CY	=	0x00d7
                           0000AD   245 _ET2	=	0x00ad
                           0000BD   246 _PT2	=	0x00bd
                           0000C8   247 _T2CON_0	=	0x00c8
                           0000C9   248 _T2CON_1	=	0x00c9
                           0000CA   249 _T2CON_2	=	0x00ca
                           0000CB   250 _T2CON_3	=	0x00cb
                           0000CC   251 _T2CON_4	=	0x00cc
                           0000CD   252 _T2CON_5	=	0x00cd
                           0000CE   253 _T2CON_6	=	0x00ce
                           0000CF   254 _T2CON_7	=	0x00cf
                           0000C8   255 _CP_RL2	=	0x00c8
                           0000C9   256 _C_T2	=	0x00c9
                           0000CA   257 _TR2	=	0x00ca
                           0000CB   258 _EXEN2	=	0x00cb
                           0000CC   259 _TCLK	=	0x00cc
                           0000CD   260 _RCLK	=	0x00cd
                           0000CE   261 _EXF2	=	0x00ce
                           0000CF   262 _TF2	=	0x00cf
                                    263 ;--------------------------------------------------------
                                    264 ; overlayable register banks
                                    265 ;--------------------------------------------------------
                                    266 	.area REG_BANK_0	(REL,OVR,DATA)
      000000                        267 	.ds 8
                                    268 ;--------------------------------------------------------
                                    269 ; internal ram data
                                    270 ;--------------------------------------------------------
                                    271 	.area DSEG    (DATA)
                                    272 ;--------------------------------------------------------
                                    273 ; overlayable items in internal ram
                                    274 ;--------------------------------------------------------
                                    275 ;--------------------------------------------------------
                                    276 ; Stack segment in internal ram
                                    277 ;--------------------------------------------------------
                                    278 	.area SSEG
      000000                        279 __start__stack:
      000000                        280 	.ds	1
                                    281 
                                    282 ;--------------------------------------------------------
                                    283 ; indirectly addressable internal ram data
                                    284 ;--------------------------------------------------------
                                    285 	.area ISEG    (DATA)
                                    286 ;--------------------------------------------------------
                                    287 ; absolute internal ram data
                                    288 ;--------------------------------------------------------
                                    289 	.area IABS    (ABS,DATA)
                                    290 	.area IABS    (ABS,DATA)
                                    291 ;--------------------------------------------------------
                                    292 ; bit data
                                    293 ;--------------------------------------------------------
                                    294 	.area BSEG    (BIT)
                                    295 ;--------------------------------------------------------
                                    296 ; paged external ram data
                                    297 ;--------------------------------------------------------
                                    298 	.area PSEG    (PAG,XDATA)
                                    299 ;--------------------------------------------------------
                                    300 ; uninitialized external ram data
                                    301 ;--------------------------------------------------------
                                    302 	.area XSEG    (XDATA)
                                    303 ;--------------------------------------------------------
                                    304 ; absolute external ram data
                                    305 ;--------------------------------------------------------
                                    306 	.area XABS    (ABS,XDATA)
                                    307 ;--------------------------------------------------------
                                    308 ; initialized external ram data
                                    309 ;--------------------------------------------------------
                                    310 	.area XISEG   (XDATA)
                                    311 	.area HOME    (CODE)
                                    312 	.area GSINIT0 (CODE)
                                    313 	.area GSINIT1 (CODE)
                                    314 	.area GSINIT2 (CODE)
                                    315 	.area GSINIT3 (CODE)
                                    316 	.area GSINIT4 (CODE)
                                    317 	.area GSINIT5 (CODE)
                                    318 	.area GSINIT  (CODE)
                                    319 	.area GSFINAL (CODE)
                                    320 	.area CSEG    (CODE)
                                    321 ;--------------------------------------------------------
                                    322 ; interrupt vector
                                    323 ;--------------------------------------------------------
                                    324 	.area HOME    (CODE)
      000000                        325 __interrupt_vect:
      000000 02r00r00         [24]  326 	ljmp	__sdcc_gsinit_startup
                                    327 ; restartable atomic support routines
      000003                        328 	.ds	5
      000008                        329 sdcc_atomic_exchange_rollback_start::
      000008 00               [12]  330 	nop
      000009 00               [12]  331 	nop
      00000A                        332 sdcc_atomic_exchange_pdata_impl:
      00000A E2               [24]  333 	movx	a, @r0
      00000B FB               [12]  334 	mov	r3, a
      00000C EA               [12]  335 	mov	a, r2
      00000D F2               [24]  336 	movx	@r0, a
      00000E 80 2C            [24]  337 	sjmp	sdcc_atomic_exchange_exit
      000010 00               [12]  338 	nop
      000011 00               [12]  339 	nop
      000012                        340 sdcc_atomic_exchange_xdata_impl:
      000012 E0               [24]  341 	movx	a, @dptr
      000013 FB               [12]  342 	mov	r3, a
      000014 EA               [12]  343 	mov	a, r2
      000015 F0               [24]  344 	movx	@dptr, a
      000016 80 24            [24]  345 	sjmp	sdcc_atomic_exchange_exit
      000018                        346 sdcc_atomic_compare_exchange_idata_impl:
      000018 E6               [12]  347 	mov	a, @r0
      000019 B5 02 02         [24]  348 	cjne	a, ar2, .+#5
      00001C EB               [12]  349 	mov	a, r3
      00001D F6               [12]  350 	mov	@r0, a
      00001E 22               [24]  351 	ret
      00001F 00               [12]  352 	nop
      000020                        353 sdcc_atomic_compare_exchange_pdata_impl:
      000020 E2               [24]  354 	movx	a, @r0
      000021 B5 02 02         [24]  355 	cjne	a, ar2, .+#5
      000024 EB               [12]  356 	mov	a, r3
      000025 F2               [24]  357 	movx	@r0, a
      000026 22               [24]  358 	ret
      000027 00               [12]  359 	nop
      000028                        360 sdcc_atomic_compare_exchange_xdata_impl:
      000028 E0               [24]  361 	movx	a, @dptr
      000029 B5 02 02         [24]  362 	cjne	a, ar2, .+#5
      00002C EB               [12]  363 	mov	a, r3
      00002D F0               [24]  364 	movx	@dptr, a
      00002E 22               [24]  365 	ret
      00002F                        366 sdcc_atomic_exchange_rollback_end::
                                    367 
      00002F                        368 sdcc_atomic_exchange_gptr_impl::
      00002F 30 F6 E0         [24]  369 	jnb	b.6, sdcc_atomic_exchange_xdata_impl
      000032 A8 82            [24]  370 	mov	r0, dpl
      000034 20 F5 D3         [24]  371 	jb	b.5, sdcc_atomic_exchange_pdata_impl
      000037                        372 sdcc_atomic_exchange_idata_impl:
      000037 EA               [12]  373 	mov	a, r2
      000038 C6               [12]  374 	xch	a, @r0
      000039 F5 82            [12]  375 	mov	dpl, a
      00003B 22               [24]  376 	ret
      00003C                        377 sdcc_atomic_exchange_exit:
      00003C 8B 82            [24]  378 	mov	dpl, r3
      00003E 22               [24]  379 	ret
      00003F                        380 sdcc_atomic_compare_exchange_gptr_impl::
      00003F 30 F6 E6         [24]  381 	jnb	b.6, sdcc_atomic_compare_exchange_xdata_impl
      000042 A8 82            [24]  382 	mov	r0, dpl
      000044 20 F5 D9         [24]  383 	jb	b.5, sdcc_atomic_compare_exchange_pdata_impl
      000047 80 CF            [24]  384 	sjmp	sdcc_atomic_compare_exchange_idata_impl
                                    385 ;--------------------------------------------------------
                                    386 ; global & static initialisations
                                    387 ;--------------------------------------------------------
                                    388 	.area HOME    (CODE)
                                    389 	.area GSINIT  (CODE)
                                    390 	.area GSFINAL (CODE)
                                    391 	.area GSINIT  (CODE)
                                    392 	.globl __sdcc_gsinit_startup
                                    393 	.globl __sdcc_program_startup
                                    394 	.globl __start__stack
                                    395 	.globl __mcs51_genXINIT
                                    396 	.globl __mcs51_genXRAMCLEAR
                                    397 	.globl __mcs51_genRAMCLEAR
                                    398 	.area GSFINAL (CODE)
      000000 02r00r49         [24]  399 	ljmp	__sdcc_program_startup
                                    400 ;--------------------------------------------------------
                                    401 ; Home
                                    402 ;--------------------------------------------------------
                                    403 	.area HOME    (CODE)
                                    404 	.area HOME    (CODE)
      000049                        405 __sdcc_program_startup:
      000049 12r00r3C         [24]  406 	lcall	_main
      00004C                        407 __sdcc_program_exit:
      00004C 80 FE            [24]  408 	sjmp	.
                                    409 ;	return from main will return to caller
                                    410 ;--------------------------------------------------------
                                    411 ; code
                                    412 ;--------------------------------------------------------
                                    413 	.area CSEG    (CODE)
                                    414 ;------------------------------------------------------------
                                    415 ;Allocation info for local variables in function 'timer_setup'
                                    416 ;------------------------------------------------------------
                                    417 ;	main.c:15: void timer_setup(void) {
                                    418 ;	-----------------------------------------
                                    419 ;	 function timer_setup
                                    420 ;	-----------------------------------------
      000000                        421 _timer_setup:
                           000007   422 	ar7 = 0x07
                           000006   423 	ar6 = 0x06
                           000005   424 	ar5 = 0x05
                           000004   425 	ar4 = 0x04
                           000003   426 	ar3 = 0x03
                           000002   427 	ar2 = 0x02
                           000001   428 	ar1 = 0x01
                           000000   429 	ar0 = 0x00
                                    430 ;	main.c:16: TMOD &= 0xF0;  // Limpa o modo do temporizador 0
      000000 53 89 F0         [24]  431 	anl	_TMOD,#0xf0
                                    432 ;	main.c:18: TMOD |= 0x01;
      000003 43 89 01         [24]  433 	orl	_TMOD,#0x01
                                    434 ;	main.c:19: TF0 = 0;       // Limpa TF0
                                    435 ;	assignBit
      000006 C2 8D            [12]  436 	clr	_TF0
                                    437 ;	main.c:20: TR0 = 0;       // Deixa o temporizador 0 parado
                                    438 ;	assignBit
      000008 C2 8C            [12]  439 	clr	_TR0
                                    440 ;	main.c:21: }
      00000A 22               [24]  441 	ret
                                    442 ;------------------------------------------------------------
                                    443 ;Allocation info for local variables in function 'timer_1ms'
                                    444 ;------------------------------------------------------------
                                    445 ;	main.c:23: void timer_1ms(void) {
                                    446 ;	-----------------------------------------
                                    447 ;	 function timer_1ms
                                    448 ;	-----------------------------------------
      00000B                        449 _timer_1ms:
                                    450 ;	main.c:24: TR0 = 0;     // Para o temporizador 0
                                    451 ;	assignBit
      00000B C2 8C            [12]  452 	clr	_TR0
                                    453 ;	main.c:25: TH0 = 0xFC;  // Valor inicial: 0xFC18
      00000D 75 8C FC         [24]  454 	mov	_TH0,#0xfc
                                    455 ;	main.c:26: TL0 = 0x18;
      000010 75 8A 18         [24]  456 	mov	_TL0,#0x18
                                    457 ;	main.c:27: TR0 = 1;           // Inicia o temporizador 0
                                    458 ;	assignBit
      000013 D2 8C            [12]  459 	setb	_TR0
                                    460 ;	main.c:28: while (TF0 == 0);  // Aguarda o estouro
      000015                        461 00101$:
      000015 30 8D FD         [24]  462 	jnb	_TF0,00101$
                                    463 ;	main.c:29: TR0 = 0;           // Para o temporizador 0
                                    464 ;	assignBit
      000018 C2 8C            [12]  465 	clr	_TR0
                                    466 ;	main.c:30: TF0 = 0;           // Limpa TF0
                                    467 ;	assignBit
      00001A C2 8D            [12]  468 	clr	_TF0
                                    469 ;	main.c:31: }
      00001C 22               [24]  470 	ret
                                    471 ;------------------------------------------------------------
                                    472 ;Allocation info for local variables in function 'delay_ms'
                                    473 ;------------------------------------------------------------
                                    474 ;n             Allocated to registers 
                                    475 ;------------------------------------------------------------
                                    476 ;	main.c:33: void delay_ms(unsigned int n) {
                                    477 ;	-----------------------------------------
                                    478 ;	 function delay_ms
                                    479 ;	-----------------------------------------
      00001D                        480 _delay_ms:
      00001D AE 82            [24]  481 	mov	r6, dpl
      00001F AF 83            [24]  482 	mov	r7, dph
                                    483 ;	main.c:34: while (n--)
      000021                        484 00101$:
      000021 8E 04            [24]  485 	mov	ar4,r6
      000023 8F 05            [24]  486 	mov	ar5,r7
      000025 1E               [12]  487 	dec	r6
      000026 BE FF 01         [24]  488 	cjne	r6,#0xff,00121$
      000029 1F               [12]  489 	dec	r7
      00002A                        490 00121$:
      00002A EC               [12]  491 	mov	a,r4
      00002B 4D               [12]  492 	orl	a,r5
      00002C 60 0D            [24]  493 	jz	00104$
                                    494 ;	main.c:35: timer_1ms();
      00002E C0 07            [24]  495 	push	ar7
      000030 C0 06            [24]  496 	push	ar6
      000032 12r00r0B         [24]  497 	lcall	_timer_1ms
      000035 D0 06            [24]  498 	pop	ar6
      000037 D0 07            [24]  499 	pop	ar7
      000039 80 E6            [24]  500 	sjmp	00101$
      00003B                        501 00104$:
                                    502 ;	main.c:36: }
      00003B 22               [24]  503 	ret
                                    504 ;------------------------------------------------------------
                                    505 ;Allocation info for local variables in function 'main'
                                    506 ;------------------------------------------------------------
                                    507 ;	main.c:38: void main(void) {
                                    508 ;	-----------------------------------------
                                    509 ;	 function main
                                    510 ;	-----------------------------------------
      00003C                        511 _main:
                                    512 ;	main.c:39: timer_setup();
      00003C 12r00r00         [24]  513 	lcall	_timer_setup
                                    514 ;	main.c:40: while (1) {
      00003F                        515 00102$:
                                    516 ;	main.c:41: LED = !LED;     // Inverte o estado do LED
      00003F B2 90            [12]  517 	cpl	_P1_0
                                    518 ;	main.c:42: delay_ms(200);  // Aproximadamente 500 ms
      000041 90 00 C8         [24]  519 	mov	dptr,#0x00c8
      000044 12r00r1D         [24]  520 	lcall	_delay_ms
                                    521 ;	main.c:44: }
      000047 80 F6            [24]  522 	sjmp	00102$
                                    523 	.area CSEG    (CODE)
                                    524 	.area CONST   (CODE)
                                    525 	.area XINIT   (CODE)
                                    526 	.area CABS    (ABS,CODE)
